main search on 56-cell M3
Control: candidate/all-levels-offset100.txt
solve SHA256: 8305c958d9c0f19b27810c573b90bb9909a67c183ba14f9c4f4eeddeb21cdafb
50       100   20     8x7/M3                -    568.000ms        >120s TIMEOUT
Final: level50-40s-offset100.txt; 16.275s; OK

main search on M4
Control: candidate3/levels-80-80-120s-offset100.txt
solve SHA256: 7e8c0c885a53bbc3c241e3fc653794395c788b3f324cc8d094f147ad9e4d5088
80       104   24     10x11/M4              -       2.761s        >120s TIMEOUT
Final: level80-40s-offset100.txt; 6.233s; OK

intermediate adaptive phase on 8x8 M3
Control: candidate3/levels-54-54-120s-offset100.txt
solve SHA256: 7e8c0c885a53bbc3c241e3fc653794395c788b3f324cc8d094f147ad9e4d5088
54       100   18     8x8/M3      18184547860    505.000ms      59.820s OK
Final: level54-60s-offset100.txt; 22.419s; OK

intermediate regional-first schedule
Control: candidate3/levels-46-100-40s-offset100.txt
solve SHA256: 7e8c0c885a53bbc3c241e3fc653794395c788b3f324cc8d094f147ad9e4d5088
62       100   18     10x10/M3      439632269    607.000ms      30.612s OK
Final: level62-60s-offset100.txt; 2.603s; OK

main search on M4; retained latency regression
Control: candidate3/levels-46-100-40s-offset100.txt
solve SHA256: 7e8c0c885a53bbc3c241e3fc653794395c788b3f324cc8d094f147ad9e4d5088
68       102   21     10x10/M4    44011567873       2.413s      24.817s OK
Final: level68-60s-offset100.txt; >60s; TIMEOUT
