=== level1-40s-offset100.txt ===
Benchmarking levels 1-1, 5 games each (40s timeout, 5 tasks, 1 workers)
Level    Game  Pcs    Board             Nodes         Prep       Search Result
----------------------------------------------------------------------
1        100   2      3x3/M2                5     14.000ms    200.000ms OK
1        101   2      3x3/M2                4     18.000ms    200.000ms OK
1        102   2      3x3/M2                3     19.000ms    200.000ms OK
1        103   2      3x3/M2                5     14.000ms    200.000ms OK
1        104   2      3x3/M2                3     16.000ms    200.000ms OK

Level    OK      Rate    Board
-----------------------------------
1         5/5      100%  3x3/M2

5 ok, 0 fail, 0 timeout, 0 error
Consistently 100% through level: 1
Every tested level achieved at least 50% success.

=== level2-40s-offset100.txt ===
Benchmarking levels 2-2, 5 games each (40s timeout, 5 tasks, 1 workers)
Level    Game  Pcs    Board             Nodes         Prep       Search Result
----------------------------------------------------------------------
2        100   3      3x3/M2                6     22.000ms    201.000ms OK
2        101   3      3x3/M2                5     25.000ms    200.000ms OK
2        102   3      3x3/M2                2     24.000ms    201.000ms OK
2        103   3      3x3/M2                8     23.000ms    200.000ms OK
2        104   3      3x3/M2                4     31.000ms    200.000ms OK

Level    OK      Rate    Board
-----------------------------------
2         5/5      100%  3x3/M2

5 ok, 0 fail, 0 timeout, 0 error
Consistently 100% through level: 2
Every tested level achieved at least 50% success.

=== level3-40s-offset100.txt ===
Benchmarking levels 3-3, 5 games each (40s timeout, 5 tasks, 1 workers)
Level    Game  Pcs    Board             Nodes         Prep       Search Result
----------------------------------------------------------------------
3        100   4      3x3/M2                5     33.000ms    201.000ms OK
3        101   4      3x3/M2                9     27.000ms    200.000ms OK
3        102   4      3x3/M2                6     34.000ms    201.000ms OK
3        103   4      3x3/M2                7     35.000ms    200.000ms OK
3        104   4      3x3/M2                7     35.000ms    200.000ms OK

Level    OK      Rate    Board
-----------------------------------
3         5/5      100%  3x3/M2

5 ok, 0 fail, 0 timeout, 0 error
Consistently 100% through level: 3
Every tested level achieved at least 50% success.

=== level4-40s-offset100.txt ===
Benchmarking levels 4-4, 5 games each (40s timeout, 5 tasks, 1 workers)
Level    Game  Pcs    Board             Nodes         Prep       Search Result
----------------------------------------------------------------------
4        100   5      3x3/M2                9     43.000ms    201.000ms OK
4        101   5      3x3/M2                6     41.000ms    200.000ms OK
4        102   5      3x3/M2                9     40.000ms    201.000ms OK
4        103   5      3x3/M2               20     40.000ms    401.000ms OK
4        104   5      3x3/M2               10     38.000ms    201.000ms OK

Level    OK      Rate    Board
-----------------------------------
4         5/5      100%  3x3/M2

5 ok, 0 fail, 0 timeout, 0 error
Consistently 100% through level: 4
Every tested level achieved at least 50% success.

=== level5-40s-offset100.txt ===
Benchmarking levels 5-5, 5 games each (40s timeout, 5 tasks, 1 workers)
Level    Game  Pcs    Board             Nodes         Prep       Search Result
----------------------------------------------------------------------
5        100   6      3x3/M2               10     48.000ms    201.000ms OK
5        101   6      3x3/M2               11     49.000ms    201.000ms OK
5        102   6      3x3/M2                9     54.000ms    201.000ms OK
5        103   6      3x3/M2               12     41.000ms    201.000ms OK
5        104   6      3x3/M2                8     45.000ms    201.000ms OK

Level    OK      Rate    Board
-----------------------------------
5         5/5      100%  3x3/M2

5 ok, 0 fail, 0 timeout, 0 error
Consistently 100% through level: 5
Every tested level achieved at least 50% success.

=== level6-40s-offset100.txt ===
Benchmarking levels 6-6, 5 games each (40s timeout, 5 tasks, 1 workers)
Level    Game  Pcs    Board             Nodes         Prep       Search Result
----------------------------------------------------------------------
6        100   7      3x3/M2                9     64.000ms    201.000ms OK
6        101   7      3x3/M2               11     53.000ms    201.000ms OK
6        102   7      3x3/M2               12     52.000ms    200.000ms OK
6        103   7      3x3/M2               14     49.000ms    200.000ms OK
6        104   7      3x3/M2                8     53.000ms    200.000ms OK

Level    OK      Rate    Board
-----------------------------------
6         5/5      100%  3x3/M2

5 ok, 0 fail, 0 timeout, 0 error
Consistently 100% through level: 6
Every tested level achieved at least 50% success.

=== level7-40s-offset100.txt ===
Benchmarking levels 7-7, 5 games each (40s timeout, 5 tasks, 1 workers)
Level    Game  Pcs    Board             Nodes         Prep       Search Result
----------------------------------------------------------------------
7        100   8      3x3/M2               14     54.000ms    201.000ms OK
7        101   8      3x3/M2               16     60.000ms    200.000ms OK
7        102   8      3x3/M2               15     62.000ms    200.000ms OK
7        103   8      3x3/M2               29     63.000ms    401.000ms OK
7        104   8      3x3/M2               13     64.000ms    200.000ms OK

Level    OK      Rate    Board
-----------------------------------
7         5/5      100%  3x3/M2

5 ok, 0 fail, 0 timeout, 0 error
Consistently 100% through level: 7
Every tested level achieved at least 50% success.

=== level8-40s-offset100.txt ===
Benchmarking levels 8-8, 5 games each (40s timeout, 5 tasks, 1 workers)
Level    Game  Pcs    Board             Nodes         Prep       Search Result
----------------------------------------------------------------------
8        100   9      3x3/M2               26     63.000ms    201.000ms OK
8        101   9      3x3/M2               13     68.000ms    201.000ms OK
8        102   9      3x3/M2               13     67.000ms    201.000ms OK
8        103   9      3x3/M2               16     70.000ms    201.000ms OK
8        104   9      3x3/M2               15     72.000ms    201.000ms OK

Level    OK      Rate    Board
-----------------------------------
8         5/5      100%  3x3/M2

5 ok, 0 fail, 0 timeout, 0 error
Consistently 100% through level: 8
Every tested level achieved at least 50% success.

=== level9-40s-offset100.txt ===
Benchmarking levels 9-9, 5 games each (40s timeout, 5 tasks, 1 workers)
Level    Game  Pcs    Board             Nodes         Prep       Search Result
----------------------------------------------------------------------
9        100   10     3x3/M2               26     77.000ms    402.000ms OK
9        101   10     3x3/M2               30     77.000ms    402.000ms OK
9        102   10     3x3/M2               23     72.000ms    201.000ms OK
9        103   10     3x3/M2               15     65.000ms    201.000ms OK
9        104   10     3x3/M2               12     79.000ms    201.000ms OK

Level    OK      Rate    Board
-----------------------------------
9         5/5      100%  3x3/M2

5 ok, 0 fail, 0 timeout, 0 error
Consistently 100% through level: 9
Every tested level achieved at least 50% success.

=== level10-40s-offset100.txt ===
Benchmarking levels 10-10, 5 games each (40s timeout, 5 tasks, 1 workers)
Level    Game  Pcs    Board             Nodes         Prep       Search Result
----------------------------------------------------------------------
10       100   11     3x3/M2               17     96.000ms    201.000ms OK
10       101   11     3x3/M2               18     84.000ms    201.000ms OK
10       102   11     3x3/M2               15     95.000ms    201.000ms OK
10       103   11     3x3/M2               30     73.000ms    201.000ms OK
10       104   11     3x3/M2               22     79.000ms    201.000ms OK

Level    OK      Rate    Board
-----------------------------------
10        5/5      100%  3x3/M2

5 ok, 0 fail, 0 timeout, 0 error
Consistently 100% through level: 10
Every tested level achieved at least 50% success.

=== level11-40s-offset100.txt ===
Benchmarking levels 11-11, 5 games each (40s timeout, 5 tasks, 1 workers)
Level    Game  Pcs    Board             Nodes         Prep       Search Result
----------------------------------------------------------------------
11       100   7      4x3/M2               15     56.000ms    200.000ms OK
11       101   7      4x3/M2               45     51.000ms    201.000ms OK
11       102   7      4x3/M2               42     56.000ms    201.000ms OK
11       103   7      4x3/M2               20     62.000ms    201.000ms OK
11       104   7      4x3/M2               13     59.000ms    201.000ms OK

Level    OK      Rate    Board
-----------------------------------
11        5/5      100%  4x3/M2

5 ok, 0 fail, 0 timeout, 0 error
Consistently 100% through level: 11
Every tested level achieved at least 50% success.

=== level12-40s-offset100.txt ===
Benchmarking levels 12-12, 5 games each (40s timeout, 5 tasks, 1 workers)
Level    Game  Pcs    Board             Nodes         Prep       Search Result
----------------------------------------------------------------------
12       100   8      4x3/M2               20     68.000ms    201.000ms OK
12       101   8      4x3/M2               39     75.000ms    401.000ms OK
12       102   8      4x3/M2               34     60.000ms    201.000ms OK
12       103   8      4x3/M2               46     61.000ms    201.000ms OK
12       104   8      4x3/M2               22     73.000ms    201.000ms OK

Level    OK      Rate    Board
-----------------------------------
12        5/5      100%  4x3/M2

5 ok, 0 fail, 0 timeout, 0 error
Consistently 100% through level: 12
Every tested level achieved at least 50% success.

=== level13-40s-offset100.txt ===
Benchmarking levels 13-13, 5 games each (40s timeout, 5 tasks, 1 workers)
Level    Game  Pcs    Board             Nodes         Prep       Search Result
----------------------------------------------------------------------
13       100   9      4x3/M2              105     63.000ms    201.000ms OK
13       101   9      4x3/M2               13     80.000ms    201.000ms OK
13       102   9      4x3/M2               37     77.000ms    200.000ms OK
13       103   9      4x3/M2               25     82.000ms    201.000ms OK
13       104   9      4x3/M2               19     88.000ms    202.000ms OK

Level    OK      Rate    Board
-----------------------------------
13        5/5      100%  4x3/M2

5 ok, 0 fail, 0 timeout, 0 error
Consistently 100% through level: 13
Every tested level achieved at least 50% success.

=== level14-40s-offset100.txt ===
Benchmarking levels 14-14, 5 games each (40s timeout, 5 tasks, 1 workers)
Level    Game  Pcs    Board             Nodes         Prep       Search Result
----------------------------------------------------------------------
14       100   10     4x3/M2               18     83.000ms    201.000ms OK
14       101   10     4x3/M2              178     66.000ms    200.000ms OK
14       102   10     4x3/M2               30     86.000ms    201.000ms OK
14       103   10     4x3/M2               21     80.000ms    201.000ms OK
14       104   10     4x3/M2               32     81.000ms    201.000ms OK

Level    OK      Rate    Board
-----------------------------------
14        5/5      100%  4x3/M2

5 ok, 0 fail, 0 timeout, 0 error
Consistently 100% through level: 14
Every tested level achieved at least 50% success.

=== level15-40s-offset100.txt ===
Benchmarking levels 15-15, 5 games each (40s timeout, 5 tasks, 1 workers)
Level    Game  Pcs    Board             Nodes         Prep       Search Result
----------------------------------------------------------------------
15       100   11     4x3/M2               18     90.000ms    200.000ms OK
15       101   11     4x3/M2               16     78.000ms    201.000ms OK
15       102   11     4x3/M2               60     91.000ms    201.000ms OK
15       103   11     4x3/M2               49     96.000ms    201.000ms OK
15       104   11     4x3/M2               22    102.000ms    201.000ms OK

Level    OK      Rate    Board
-----------------------------------
15        5/5      100%  4x3/M2

5 ok, 0 fail, 0 timeout, 0 error
Consistently 100% through level: 15
Every tested level achieved at least 50% success.

=== level16-40s-offset100.txt ===
Benchmarking levels 16-16, 5 games each (40s timeout, 5 tasks, 1 workers)
Level    Game  Pcs    Board             Nodes         Prep       Search Result
----------------------------------------------------------------------
16       100   12     4x3/M2               50     98.000ms    201.000ms OK
16       101   12     4x3/M2               31    108.000ms    201.000ms OK
16       102   12     4x3/M2               23    112.000ms    200.000ms OK
16       103   12     4x3/M2               22    108.000ms    201.000ms OK
16       104   12     4x3/M2               31    101.000ms    201.000ms OK

Level    OK      Rate    Board
-----------------------------------
16        5/5      100%  4x3/M2

5 ok, 0 fail, 0 timeout, 0 error
Consistently 100% through level: 16
Every tested level achieved at least 50% success.

=== level17-40s-offset100.txt ===
Benchmarking levels 17-17, 5 games each (40s timeout, 5 tasks, 1 workers)
Level    Game  Pcs    Board             Nodes         Prep       Search Result
----------------------------------------------------------------------
17       100   13     4x3/M2               26    119.000ms    201.000ms OK
17       101   13     4x3/M2               47    100.000ms    201.000ms OK
17       102   13     4x3/M2              123    118.000ms    201.000ms OK
17       103   13     4x3/M2               42    107.000ms    201.000ms OK
17       104   13     4x3/M2               27    111.000ms    201.000ms OK

Level    OK      Rate    Board
-----------------------------------
17        5/5      100%  4x3/M2

5 ok, 0 fail, 0 timeout, 0 error
Consistently 100% through level: 17
Every tested level achieved at least 50% success.

=== level18-40s-offset100.txt ===
Benchmarking levels 18-18, 5 games each (40s timeout, 5 tasks, 1 workers)
Level    Game  Pcs    Board             Nodes         Prep       Search Result
----------------------------------------------------------------------
18       100   14     4x3/M2               31    119.000ms    202.000ms OK
18       101   14     4x3/M2               14    112.000ms    201.000ms OK
18       102   14     4x3/M2               31    120.000ms    201.000ms OK
18       103   14     4x3/M2              135    138.000ms    401.000ms OK
18       104   14     4x3/M2               97    133.000ms    201.000ms OK

Level    OK      Rate    Board
-----------------------------------
18        5/5      100%  4x3/M2

5 ok, 0 fail, 0 timeout, 0 error
Consistently 100% through level: 18
Every tested level achieved at least 50% success.

=== level19-40s-offset100.txt ===
Benchmarking levels 19-19, 5 games each (40s timeout, 5 tasks, 1 workers)
Level    Game  Pcs    Board             Nodes         Prep       Search Result
----------------------------------------------------------------------
19       100   15     4x3/M2               87    122.000ms    201.000ms OK
19       101   15     4x3/M2               25    137.000ms    201.000ms OK
19       102   15     4x3/M2               24    137.000ms    201.000ms OK
19       103   15     4x3/M2               81    129.000ms    201.000ms OK
19       104   15     4x3/M2               38    134.000ms    200.000ms OK

Level    OK      Rate    Board
-----------------------------------
19        5/5      100%  4x3/M2

5 ok, 0 fail, 0 timeout, 0 error
Consistently 100% through level: 19
Every tested level achieved at least 50% success.

=== level20-40s-offset100.txt ===
Benchmarking levels 20-20, 5 games each (40s timeout, 5 tasks, 1 workers)
Level    Game  Pcs    Board             Nodes         Prep       Search Result
----------------------------------------------------------------------
20       100   16     4x3/M2               29    139.000ms    200.000ms OK
20       101   16     4x3/M2               32    124.000ms    201.000ms OK
20       102   16     4x3/M2               46    129.000ms    201.000ms OK
20       103   16     4x3/M2               42    129.000ms    201.000ms OK
20       104   16     4x3/M2               32    128.000ms    201.000ms OK

Level    OK      Rate    Board
-----------------------------------
20        5/5      100%  4x3/M2

5 ok, 0 fail, 0 timeout, 0 error
Consistently 100% through level: 20
Every tested level achieved at least 50% success.

=== level21-40s-offset100.txt ===
Benchmarking levels 21-21, 5 games each (40s timeout, 5 tasks, 1 workers)
Level    Game  Pcs    Board             Nodes         Prep       Search Result
----------------------------------------------------------------------
21       100   12     4x4/M2               35    212.000ms    200.000ms OK
21       101   12     4x4/M2               60    213.000ms    200.000ms OK
21       102   12     4x4/M2               51    204.000ms    200.000ms OK
21       103   12     4x4/M2               65    210.000ms    201.000ms OK
21       104   12     4x4/M2               38    211.000ms    201.000ms OK

Level    OK      Rate    Board
-----------------------------------
21        5/5      100%  4x4/M2

5 ok, 0 fail, 0 timeout, 0 error
Consistently 100% through level: 21
Every tested level achieved at least 50% success.

=== level22-40s-offset100.txt ===
Benchmarking levels 22-22, 5 games each (40s timeout, 5 tasks, 1 workers)
Level    Game  Pcs    Board             Nodes         Prep       Search Result
----------------------------------------------------------------------
22       100   13     4x4/M2               39    225.000ms    201.000ms OK
22       101   13     4x4/M2               37    226.000ms    201.000ms OK
22       102   13     4x4/M2              121    244.000ms    201.000ms OK
22       103   13     4x4/M2               59    216.000ms    201.000ms OK
22       104   13     4x4/M2              179    234.000ms    201.000ms OK

Level    OK      Rate    Board
-----------------------------------
22        5/5      100%  4x4/M2

5 ok, 0 fail, 0 timeout, 0 error
Consistently 100% through level: 22
Every tested level achieved at least 50% success.

=== level23-40s-offset100.txt ===
Benchmarking levels 23-23, 5 games each (40s timeout, 5 tasks, 1 workers)
Level    Game  Pcs    Board             Nodes         Prep       Search Result
----------------------------------------------------------------------
23       100   14     4x4/M2              104    250.000ms    201.000ms OK
23       101   14     4x4/M2               25    235.000ms    201.000ms OK
23       102   14     4x4/M2               42    271.000ms    201.000ms OK
23       103   14     4x4/M2               73    269.000ms    201.000ms OK
23       104   14     4x4/M2               63    259.000ms    201.000ms OK

Level    OK      Rate    Board
-----------------------------------
23        5/5      100%  4x4/M2

5 ok, 0 fail, 0 timeout, 0 error
Consistently 100% through level: 23
Every tested level achieved at least 50% success.

=== level24-40s-offset100.txt ===
Benchmarking levels 24-24, 5 games each (40s timeout, 5 tasks, 1 workers)
Level    Game  Pcs    Board             Nodes         Prep       Search Result
----------------------------------------------------------------------
24       100   15     4x4/M2               39    258.000ms    201.000ms OK
24       101   15     4x4/M2               54    270.000ms    201.000ms OK
24       102   15     4x4/M2               45    264.000ms    201.000ms OK
24       103   15     4x4/M2               36    282.000ms    201.000ms OK
24       104   15     4x4/M2               26    262.000ms    201.000ms OK

Level    OK      Rate    Board
-----------------------------------
24        5/5      100%  4x4/M2

5 ok, 0 fail, 0 timeout, 0 error
Consistently 100% through level: 24
Every tested level achieved at least 50% success.

=== level25-40s-offset100.txt ===
Benchmarking levels 25-25, 5 games each (40s timeout, 5 tasks, 1 workers)
Level    Game  Pcs    Board             Nodes         Prep       Search Result
----------------------------------------------------------------------
25       100   16     4x4/M2               28    276.000ms    201.000ms OK
25       101   16     4x4/M2               38    279.000ms    201.000ms OK
25       102   16     4x4/M2               40    274.000ms    201.000ms OK
25       103   16     4x4/M2               41    284.000ms    201.000ms OK
25       104   16     4x4/M2               63    292.000ms    201.000ms OK

Level    OK      Rate    Board
-----------------------------------
25        5/5      100%  4x4/M2

5 ok, 0 fail, 0 timeout, 0 error
Consistently 100% through level: 25
Every tested level achieved at least 50% success.

=== level26-40s-offset100.txt ===
Benchmarking levels 26-26, 5 games each (40s timeout, 5 tasks, 1 workers)
Level    Game  Pcs    Board             Nodes         Prep       Search Result
----------------------------------------------------------------------
26       100   11     4x4/M3              141    168.000ms    402.000ms OK
26       101   11     4x4/M3               63    167.000ms    201.000ms OK
26       102   11     4x4/M3               92    166.000ms    200.000ms OK
26       103   11     4x4/M3               34    167.000ms    201.000ms OK
26       104   11     4x4/M3              123    163.000ms    402.000ms OK

Level    OK      Rate    Board
-----------------------------------
26        5/5      100%  4x4/M3

5 ok, 0 fail, 0 timeout, 0 error
Consistently 100% through level: 26
Every tested level achieved at least 50% success.

=== level27-40s-offset100.txt ===
Benchmarking levels 27-27, 5 games each (40s timeout, 5 tasks, 1 workers)
Level    Game  Pcs    Board             Nodes         Prep       Search Result
----------------------------------------------------------------------
27       100   12     4x4/M3               30    179.000ms    200.000ms OK
27       101   12     4x4/M3               54    175.000ms    402.000ms OK
27       102   12     4x4/M3              139    174.000ms    201.000ms OK
27       103   12     4x4/M3              142    176.000ms    202.000ms OK
27       104   12     4x4/M3              108    189.000ms    201.000ms OK

Level    OK      Rate    Board
-----------------------------------
27        5/5      100%  4x4/M3

5 ok, 0 fail, 0 timeout, 0 error
Consistently 100% through level: 27
Every tested level achieved at least 50% success.

=== level28-40s-offset100.txt ===
Benchmarking levels 28-28, 5 games each (40s timeout, 5 tasks, 1 workers)
Level    Game  Pcs    Board             Nodes         Prep       Search Result
----------------------------------------------------------------------
28       100   13     4x4/M3               93    193.000ms    201.000ms OK
28       101   13     4x4/M3               52    194.000ms    201.000ms OK
28       102   13     4x4/M3               40    181.000ms    200.000ms OK
28       103   13     4x4/M3              240    191.000ms    602.000ms OK
28       104   13     4x4/M3              109    187.000ms    202.000ms OK

Level    OK      Rate    Board
-----------------------------------
28        5/5      100%  4x4/M3

5 ok, 0 fail, 0 timeout, 0 error
Consistently 100% through level: 28
Every tested level achieved at least 50% success.

=== level29-40s-offset100.txt ===
Benchmarking levels 29-29, 5 games each (40s timeout, 5 tasks, 1 workers)
Level    Game  Pcs    Board             Nodes         Prep       Search Result
----------------------------------------------------------------------
29       100   14     4x4/M3               39    220.000ms    201.000ms OK
29       101   14     4x4/M3               69    212.000ms    201.000ms OK
29       102   14     4x4/M3              134    200.000ms    201.000ms OK
29       103   14     4x4/M3               60    211.000ms    201.000ms OK
29       104   14     4x4/M3              797    214.000ms    401.000ms OK

Level    OK      Rate    Board
-----------------------------------
29        5/5      100%  4x4/M3

5 ok, 0 fail, 0 timeout, 0 error
Consistently 100% through level: 29
Every tested level achieved at least 50% success.

=== level30-40s-offset100.txt ===
Benchmarking levels 30-30, 5 games each (40s timeout, 5 tasks, 1 workers)
Level    Game  Pcs    Board             Nodes         Prep       Search Result
----------------------------------------------------------------------
30       100   15     4x4/M3              663    212.000ms    201.000ms OK
30       101   15     4x4/M3              323    221.000ms    200.000ms OK
30       102   15     4x4/M3             2739    219.000ms    201.000ms OK
30       103   15     4x4/M3             4279    232.000ms    201.000ms OK
30       104   15     4x4/M3              351    224.000ms    200.000ms OK

Level    OK      Rate    Board
-----------------------------------
30        5/5      100%  4x4/M3

5 ok, 0 fail, 0 timeout, 0 error
Consistently 100% through level: 30
Every tested level achieved at least 50% success.

=== level31-40s-offset100.txt ===
Benchmarking levels 31-31, 5 games each (40s timeout, 5 tasks, 1 workers)
Level    Game  Pcs    Board             Nodes         Prep       Search Result
----------------------------------------------------------------------
31       100   12     6x6/M2             3346    954.000ms    201.000ms OK
31       101   12     6x6/M2            13709    910.000ms    201.000ms OK
31       102   12     6x6/M2            10385    993.000ms    201.000ms OK
31       103   12     6x6/M2           213658    902.000ms    201.000ms OK
31       104   12     6x6/M2            33477    995.000ms    201.000ms OK

Level    OK      Rate    Board
-----------------------------------
31        5/5      100%  6x6/M2

5 ok, 0 fail, 0 timeout, 0 error
Consistently 100% through level: 31
Every tested level achieved at least 50% success.

=== level32-40s-offset100.txt ===
Benchmarking levels 32-32, 5 games each (40s timeout, 5 tasks, 1 workers)
Level    Game  Pcs    Board             Nodes         Prep       Search Result
----------------------------------------------------------------------
32       100   13     6x6/M2            13688       1.138s    201.000ms OK
32       101   13     6x6/M2             1416       1.088s    201.000ms OK
32       102   13     6x6/M2           166834       1.031s    201.000ms OK
32       103   13     6x6/M2            67167       1.023s    201.000ms OK
32       104   13     6x6/M2            58236       1.090s    201.000ms OK

Level    OK      Rate    Board
-----------------------------------
32        5/5      100%  6x6/M2

5 ok, 0 fail, 0 timeout, 0 error
Consistently 100% through level: 32
Every tested level achieved at least 50% success.

=== level33-40s-offset100.txt ===
Benchmarking levels 33-33, 5 games each (40s timeout, 5 tasks, 1 workers)
Level    Game  Pcs    Board             Nodes         Prep       Search Result
----------------------------------------------------------------------
33       100   14     6x6/M2            19278       1.176s    201.000ms OK
33       101   14     6x6/M2            26395       1.238s    201.000ms OK
33       102   14     6x6/M2            25565       1.191s    201.000ms OK
33       103   14     6x6/M2            96601       1.175s    201.000ms OK
33       104   14     6x6/M2             2658       1.194s    201.000ms OK

Level    OK      Rate    Board
-----------------------------------
33        5/5      100%  6x6/M2

5 ok, 0 fail, 0 timeout, 0 error
Consistently 100% through level: 33
Every tested level achieved at least 50% success.

=== level34-40s-offset100.txt ===
Benchmarking levels 34-34, 5 games each (40s timeout, 5 tasks, 1 workers)
Level    Game  Pcs    Board             Nodes         Prep       Search Result
----------------------------------------------------------------------
34       100   12     6x6/M2            50940    946.000ms    201.000ms OK
34       101   12     6x6/M2               90    961.000ms    200.000ms OK
34       102   12     6x6/M2             4984    964.000ms    201.000ms OK
34       103   12     6x6/M2           172647    952.000ms    201.000ms OK
34       104   12     6x6/M2            25097    950.000ms    201.000ms OK

Level    OK      Rate    Board
-----------------------------------
34        5/5      100%  6x6/M2

5 ok, 0 fail, 0 timeout, 0 error
Consistently 100% through level: 34
Every tested level achieved at least 50% success.

=== level35-40s-offset100.txt ===
Benchmarking levels 35-35, 5 games each (40s timeout, 5 tasks, 1 workers)
Level    Game  Pcs    Board             Nodes         Prep       Search Result
----------------------------------------------------------------------
35       100   13     6x6/M2            20615       1.068s    200.000ms OK
35       101   13     6x6/M2             4356    959.000ms    200.000ms OK
35       102   13     6x6/M2           109719       1.023s    201.000ms OK
35       103   13     6x6/M2             5944       1.038s    201.000ms OK
35       104   13     6x6/M2            11480       1.048s    201.000ms OK

Level    OK      Rate    Board
-----------------------------------
35        5/5      100%  6x6/M2

5 ok, 0 fail, 0 timeout, 0 error
Consistently 100% through level: 35
Every tested level achieved at least 50% success.

=== level36-40s-offset100.txt ===
Benchmarking levels 36-36, 5 games each (40s timeout, 5 tasks, 1 workers)
Level    Game  Pcs    Board             Nodes         Prep       Search Result
----------------------------------------------------------------------
36       100   14     6x6/M3          5502985    317.000ms    201.000ms OK
36       101   14     6x6/M3           474597    294.000ms    201.000ms OK
36       102   14     6x6/M3         55021642    299.000ms    401.000ms OK
36       103   14     6x6/M3          1098071    313.000ms    201.000ms OK
36       104   14     6x6/M3         11749859    326.000ms    201.000ms OK

Level    OK      Rate    Board
-----------------------------------
36        5/5      100%  6x6/M3

5 ok, 0 fail, 0 timeout, 0 error
Consistently 100% through level: 36
Every tested level achieved at least 50% success.

=== level37-40s-offset100.txt ===
Benchmarking levels 37-37, 5 games each (40s timeout, 5 tasks, 1 workers)
Level    Game  Pcs    Board             Nodes         Prep       Search Result
----------------------------------------------------------------------
37       100   15     6x6/M3          2661169    327.000ms    201.000ms OK
37       101   15     6x6/M3          7801745    336.000ms    201.000ms OK
37       102   15     6x6/M3          2404450    324.000ms    201.000ms OK
37       103   15     6x6/M3           900750    329.000ms    201.000ms OK
37       104   15     6x6/M3          3510744    328.000ms    201.000ms OK

Level    OK      Rate    Board
-----------------------------------
37        5/5      100%  6x6/M3

5 ok, 0 fail, 0 timeout, 0 error
Consistently 100% through level: 37
Every tested level achieved at least 50% success.

=== level38-40s-offset100.txt ===
Benchmarking levels 38-38, 5 games each (40s timeout, 5 tasks, 1 workers)
Level    Game  Pcs    Board             Nodes         Prep       Search Result
----------------------------------------------------------------------
38       100   16     6x6/M3          6451130    348.000ms    201.000ms OK
38       101   16     6x6/M3          4728178    378.000ms    201.000ms OK
38       102   16     6x6/M3         56427340    379.000ms    604.000ms OK
38       103   16     6x6/M3         10008886    347.000ms    201.000ms OK
38       104   16     6x6/M3          8124576    330.000ms    201.000ms OK

Level    OK      Rate    Board
-----------------------------------
38        5/5      100%  6x6/M3

5 ok, 0 fail, 0 timeout, 0 error
Consistently 100% through level: 38
Every tested level achieved at least 50% success.

=== level39-40s-offset100.txt ===
Benchmarking levels 39-39, 5 games each (40s timeout, 5 tasks, 1 workers)
Level    Game  Pcs    Board             Nodes         Prep       Search Result
----------------------------------------------------------------------
39       100   17     6x6/M3         11566085    375.000ms    201.000ms OK
39       101   17     6x6/M3         17132525    367.000ms    202.000ms OK
39       102   17     6x6/M3         69367723    381.000ms    405.000ms OK
39       103   17     6x6/M3        354134810    393.000ms       1.604s OK
39       104   17     6x6/M3          2116914    377.000ms    201.000ms OK

Level    OK      Rate    Board
-----------------------------------
39        5/5      100%  6x6/M3

5 ok, 0 fail, 0 timeout, 0 error
Consistently 100% through level: 39
Every tested level achieved at least 50% success.

=== level40-40s-offset100.txt ===
Benchmarking levels 40-40, 5 games each (40s timeout, 5 tasks, 1 workers)
Level    Game  Pcs    Board             Nodes         Prep       Search Result
----------------------------------------------------------------------
40       100   18     6x6/M3         18794123    385.000ms    201.000ms OK
40       101   18     6x6/M3         16047196    426.000ms    200.000ms OK
40       102   18     6x6/M3          1850688    403.000ms    201.000ms OK
40       103   18     6x6/M3         40078058    401.000ms    404.000ms OK
40       104   18     6x6/M3       2462314712    419.000ms      14.411s OK

Level    OK      Rate    Board
-----------------------------------
40        5/5      100%  6x6/M3

5 ok, 0 fail, 0 timeout, 0 error
Consistently 100% through level: 40
Every tested level achieved at least 50% success.

=== level41-40s-offset100.txt ===
Benchmarking levels 41-41, 5 games each (40s timeout, 5 tasks, 1 workers)
Level    Game  Pcs    Board             Nodes         Prep       Search Result
----------------------------------------------------------------------
41       100   15     8x7/M2           233127       1.365s    200.000ms OK
41       101   15     8x7/M2        108574095       1.492s    404.000ms OK
41       102   15     8x7/M2         33774363       1.484s    201.000ms OK
41       103   15     8x7/M2          2174102       1.451s    201.000ms OK
41       104   15     8x7/M2          2625627       1.464s    200.000ms OK

Level    OK      Rate    Board
-----------------------------------
41        5/5      100%  8x7/M2

5 ok, 0 fail, 0 timeout, 0 error
Consistently 100% through level: 41
Every tested level achieved at least 50% success.

=== level42-40s-offset100.txt ===
Benchmarking levels 42-42, 5 games each (40s timeout, 5 tasks, 1 workers)
Level    Game  Pcs    Board             Nodes         Prep       Search Result
----------------------------------------------------------------------
42       100   16     8x7/M2          9488746       1.518s    201.000ms OK
42       101   16     8x7/M2          1275751       1.466s    201.000ms OK
42       102   16     8x7/M2            44391       1.585s    201.000ms OK
42       103   16     8x7/M2           240563       1.548s    201.000ms OK
42       104   16     8x7/M2          1156427       1.531s    201.000ms OK

Level    OK      Rate    Board
-----------------------------------
42        5/5      100%  8x7/M2

5 ok, 0 fail, 0 timeout, 0 error
Consistently 100% through level: 42
Every tested level achieved at least 50% success.

=== level43-40s-offset100.txt ===
Benchmarking levels 43-43, 5 games each (40s timeout, 5 tasks, 1 workers)
Level    Game  Pcs    Board             Nodes         Prep       Search Result
----------------------------------------------------------------------
43       100   17     8x7/M2           379854       1.578s    201.000ms OK
43       101   17     8x7/M2           282890       1.588s    200.000ms OK
43       102   17     8x7/M2         60548710       1.629s    201.000ms OK
43       103   17     8x7/M2         78436094       1.651s    404.000ms OK
43       104   17     8x7/M2          2382384       1.633s    200.000ms OK

Level    OK      Rate    Board
-----------------------------------
43        5/5      100%  8x7/M2

5 ok, 0 fail, 0 timeout, 0 error
Consistently 100% through level: 43
Every tested level achieved at least 50% success.

=== level44-40s-offset100.txt ===
Benchmarking levels 44-44, 5 games each (40s timeout, 5 tasks, 1 workers)
Level    Game  Pcs    Board             Nodes         Prep       Search Result
----------------------------------------------------------------------
44       100   18     8x7/M2          5048944       1.722s    201.000ms OK
44       101   18     8x7/M2         92162499       1.740s    402.000ms OK
44       102   18     8x7/M2         22522207       1.730s    201.000ms OK
44       103   18     8x7/M2        240196346       1.681s    602.000ms OK
44       104   18     8x7/M2         10863568       1.639s    201.000ms OK

Level    OK      Rate    Board
-----------------------------------
44        5/5      100%  8x7/M2

5 ok, 0 fail, 0 timeout, 0 error
Consistently 100% through level: 44
Every tested level achieved at least 50% success.

=== level45-40s-offset100.txt ===
Benchmarking levels 45-45, 5 games each (40s timeout, 5 tasks, 1 workers)
Level    Game  Pcs    Board             Nodes         Prep       Search Result
----------------------------------------------------------------------
45       100   19     8x7/M2          2603052       1.832s    201.000ms OK
45       101   19     8x7/M2          1506782       1.872s    201.000ms OK
45       102   19     8x7/M2          8209005       1.765s    201.000ms OK
45       103   19     8x7/M2           571810       1.811s    200.000ms OK
45       104   19     8x7/M2            19766       1.798s    201.000ms OK

Level    OK      Rate    Board
-----------------------------------
45        5/5      100%  8x7/M2

5 ok, 0 fail, 0 timeout, 0 error
Consistently 100% through level: 45
Every tested level achieved at least 50% success.

=== level46-40s-offset100.txt ===
Benchmarking levels 46-46, 5 games each (40s timeout, 5 tasks, 1 workers)
Level    Game  Pcs    Board             Nodes         Prep       Search Result
----------------------------------------------------------------------
46       100   16     8x7/M3          1848855    430.000ms    200.000ms OK
46       101   16     8x7/M3        116497862    472.000ms    403.000ms OK
46       102   16     8x7/M3       1227645176    455.000ms       1.802s OK
46       103   16     8x7/M3        160098386    441.000ms    405.000ms OK
46       104   16     8x7/M3         52860723    460.000ms    200.000ms OK

Level    OK      Rate    Board
-----------------------------------
46        5/5      100%  8x7/M3

5 ok, 0 fail, 0 timeout, 0 error
Consistently 100% through level: 46
Every tested level achieved at least 50% success.

=== level47-40s-offset100.txt ===
Benchmarking levels 47-47, 5 games each (40s timeout, 5 tasks, 1 workers)
Level    Game  Pcs    Board             Nodes         Prep       Search Result
----------------------------------------------------------------------
47       100   17     8x7/M3                -    495.000ms         >40s TIMEOUT
47       101   17     8x7/M3        925706125    484.000ms       1.805s OK
47       102   17     8x7/M3        187080927    478.000ms    402.000ms OK
47       103   17     8x7/M3        218787396    481.000ms    405.000ms OK
47       104   17     8x7/M3       1298623202    487.000ms      13.831s OK

Level    OK      Rate    Board
-----------------------------------
47        4/5       80%  8x7/M3

4 ok, 0 fail, 1 timeout, 0 error
Consistently 100% through level: 0
Every tested level achieved at least 50% success.

=== level48-120s-offset100.txt ===
Benchmarking levels 48-48, 5 games each (120s timeout, 5 tasks, 1 workers)
Level    Game  Pcs    Board             Nodes         Prep       Search Result
----------------------------------------------------------------------
48       100   18     8x7/M3      27771949420    538.000ms      64.828s OK
48       101   18     8x7/M3       2580426321    520.000ms       5.299s OK
48       102   18     8x7/M3       4375604812    523.000ms      39.013s OK
48       103   18     8x7/M3      14192574572    513.000ms      50.616s OK
48       104   18     8x7/M3      14886938166    508.000ms      53.819s OK

Level    OK      Rate    Board
-----------------------------------
48        5/5      100%  8x7/M3

5 ok, 0 fail, 0 timeout, 0 error
Consistently 100% through level: 48
Every tested level achieved at least 50% success.

=== level49-40s-offset100.txt ===
Benchmarking levels 49-49, 5 games each (40s timeout, 5 tasks, 1 workers)
Level    Game  Pcs    Board             Nodes         Prep       Search Result
----------------------------------------------------------------------
49       100   19     8x7/M3       1732887650    543.000ms       3.407s OK
49       101   19     8x7/M3       2536922136    553.000ms       9.957s OK
49       102   19     8x7/M3       1878758342    549.000ms       9.131s OK
49       103   19     8x7/M3                -    548.000ms         >40s TIMEOUT
49       104   19     8x7/M3                -    551.000ms         >40s TIMEOUT

Level    OK      Rate    Board
-----------------------------------
49        3/5       60%  8x7/M3

3 ok, 0 fail, 2 timeout, 0 error
Consistently 100% through level: 0
Every tested level achieved at least 50% success.

=== level50-40s-offset100.txt ===
Benchmarking levels 50-50, 5 games each (40s timeout, 5 tasks, 1 workers)
Level    Game  Pcs    Board             Nodes         Prep       Search Result
----------------------------------------------------------------------
50       100   20     8x7/M3       1762420295    582.000ms      16.275s OK
50       101   20     8x7/M3                -    595.000ms         >40s TIMEOUT
50       102   20     8x7/M3        273627193    532.000ms    601.000ms OK
50       103   20     8x7/M3                -    539.000ms         >40s TIMEOUT
50       104   20     8x7/M3       2137870013    569.000ms      25.878s OK

Level    OK      Rate    Board
-----------------------------------
50        3/5       60%  8x7/M3

3 ok, 0 fail, 2 timeout, 0 error
Consistently 100% through level: 0
Every tested level achieved at least 50% success.

=== level51-40s-offset100.txt ===
Benchmarking levels 51-51, 5 games each (40s timeout, 5 tasks, 1 workers)
Level    Game  Pcs    Board             Nodes         Prep       Search Result
----------------------------------------------------------------------
51       100   16     8x8/M2          9618196       1.528s    201.000ms OK
51       101   16     8x8/M2         58426729       1.550s    200.000ms OK
51       102   16     8x8/M2           960453       1.505s    200.000ms OK
51       103   16     8x8/M2          3262478       1.502s    201.000ms OK
51       104   16     8x8/M2         82527666       1.560s    405.000ms OK

Level    OK      Rate    Board
-----------------------------------
51        5/5      100%  8x8/M2

5 ok, 0 fail, 0 timeout, 0 error
Consistently 100% through level: 51
Every tested level achieved at least 50% success.

=== level52-40s-offset100.txt ===
Benchmarking levels 52-52, 5 games each (40s timeout, 5 tasks, 1 workers)
Level    Game  Pcs    Board             Nodes         Prep       Search Result
----------------------------------------------------------------------
52       100   16     8x8/M3       3669984072    459.000ms       5.604s OK
52       101   16     8x8/M3        134379820    416.000ms    200.000ms OK
52       102   16     8x8/M3        668994711    433.000ms       1.003s OK
52       103   16     8x8/M3        141292890    444.000ms    201.000ms OK
52       104   16     8x8/M3         46091643    430.000ms    201.000ms OK

Level    OK      Rate    Board
-----------------------------------
52        5/5      100%  8x8/M3

5 ok, 0 fail, 0 timeout, 0 error
Consistently 100% through level: 52
Every tested level achieved at least 50% success.

=== level53-40s-offset100.txt ===
Benchmarking levels 53-53, 5 games each (40s timeout, 5 tasks, 1 workers)
Level    Game  Pcs    Board             Nodes         Prep       Search Result
----------------------------------------------------------------------
53       100   17     8x8/M3       1988880726    451.000ms       3.807s OK
53       101   17     8x8/M3                -    500.000ms         >40s TIMEOUT
53       102   17     8x8/M3       1788272500    450.000ms       2.407s OK
53       103   17     8x8/M3                -    508.000ms         >40s TIMEOUT
53       104   17     8x8/M3       1222679597    449.000ms       1.005s OK

Level    OK      Rate    Board
-----------------------------------
53        3/5       60%  8x8/M3

3 ok, 0 fail, 2 timeout, 0 error
Consistently 100% through level: 0
Every tested level achieved at least 50% success.

=== level54-60s-offset100.txt ===
Benchmarking levels 54-54, 5 games each (60s timeout, 5 tasks, 1 workers)
Level    Game  Pcs    Board             Nodes         Prep       Search Result
----------------------------------------------------------------------
54       100   18     8x8/M3      15125940924    497.000ms      22.419s OK
54       101   18     8x8/M3       1921257767    487.000ms       2.403s OK
54       102   18     8x8/M3                -    528.000ms         >60s TIMEOUT
54       103   18     8x8/M3      11081109651    498.000ms      17.813s OK
54       104   18     8x8/M3                -    491.000ms         >60s TIMEOUT

Level    OK      Rate    Board
-----------------------------------
54        3/5       60%  8x8/M3

3 ok, 0 fail, 2 timeout, 0 error
Consistently 100% through level: 0
Every tested level achieved at least 50% success.

=== level55-40s-offset100.txt ===
Benchmarking levels 55-55, 5 games each (40s timeout, 5 tasks, 1 workers)
Level    Game  Pcs    Board             Nodes         Prep       Search Result
----------------------------------------------------------------------
55       100   15     8x8/M4            29873       1.564s    803.000ms OK
55       101   15     8x8/M4           111705       1.645s    802.000ms OK
55       102   15     8x8/M4             1371       1.508s    802.000ms OK
55       103   15     8x8/M4             1919       1.570s    802.000ms OK
55       104   15     8x8/M4           219220       1.591s    802.000ms OK

Level    OK      Rate    Board
-----------------------------------
55        5/5      100%  8x8/M4

5 ok, 0 fail, 0 timeout, 0 error
Consistently 100% through level: 55
Every tested level achieved at least 50% success.

=== level56-40s-offset100.txt ===
Benchmarking levels 56-56, 5 games each (40s timeout, 5 tasks, 1 workers)
Level    Game  Pcs    Board             Nodes         Prep       Search Result
----------------------------------------------------------------------
56       100   16     8x8/M4           775422       1.671s    803.000ms OK
56       101   16     8x8/M4            49737       1.593s    601.000ms OK
56       102   16     8x8/M4           379048       1.676s    802.000ms OK
56       103   16     8x8/M4         29013561       1.666s    802.000ms OK
56       104   16     8x8/M4          2647135       1.764s    802.000ms OK

Level    OK      Rate    Board
-----------------------------------
56        5/5      100%  8x8/M4

5 ok, 0 fail, 0 timeout, 0 error
Consistently 100% through level: 56
Every tested level achieved at least 50% success.

=== level57-40s-offset100.txt ===
Benchmarking levels 57-57, 5 games each (40s timeout, 5 tasks, 1 workers)
Level    Game  Pcs    Board             Nodes         Prep       Search Result
----------------------------------------------------------------------
57       100   17     8x8/M4           516926       1.786s    802.000ms OK
57       101   17     8x8/M4        116099303       1.833s    602.000ms OK
57       102   17     8x8/M4          9847036       1.840s    802.000ms OK
57       103   17     8x8/M4          7053385       1.885s    602.000ms OK
57       104   17     8x8/M4          1740889       1.808s    803.000ms OK

Level    OK      Rate    Board
-----------------------------------
57        5/5      100%  8x8/M4

5 ok, 0 fail, 0 timeout, 0 error
Consistently 100% through level: 57
Every tested level achieved at least 50% success.

=== level58-40s-offset100.txt ===
Benchmarking levels 58-58, 5 games each (40s timeout, 5 tasks, 1 workers)
Level    Game  Pcs    Board             Nodes         Prep       Search Result
----------------------------------------------------------------------
58       100   18     8x8/M4       2213795243       1.928s       3.605s OK
58       101   18     8x8/M4         71301378       1.932s    802.000ms OK
58       102   18     8x8/M4         40771675       1.887s    804.000ms OK
58       103   18     8x8/M4         49417082       1.814s    802.000ms OK
58       104   18     8x8/M4          2964933       1.875s    802.000ms OK

Level    OK      Rate    Board
-----------------------------------
58        5/5      100%  8x8/M4

5 ok, 0 fail, 0 timeout, 0 error
Consistently 100% through level: 58
Every tested level achieved at least 50% success.

=== level59-40s-offset100.txt ===
Benchmarking levels 59-59, 5 games each (40s timeout, 5 tasks, 1 workers)
Level    Game  Pcs    Board             Nodes         Prep       Search Result
----------------------------------------------------------------------
59       100   19     8x8/M4       1311208811       2.029s       2.407s OK
59       101   19     8x8/M4        183169665       1.966s    803.000ms OK
59       102   19     8x8/M4       2183881915       2.084s       2.207s OK
59       103   19     8x8/M4        345688663       2.035s       1.204s OK
59       104   19     8x8/M4        180578027       2.020s    602.000ms OK

Level    OK      Rate    Board
-----------------------------------
59        5/5      100%  8x8/M4

5 ok, 0 fail, 0 timeout, 0 error
Consistently 100% through level: 59
Every tested level achieved at least 50% success.

=== level60-60s-offset100.txt ===
Benchmarking levels 60-60, 5 games each (60s timeout, 5 tasks, 1 workers)
Level    Game  Pcs    Board             Nodes         Prep       Search Result
----------------------------------------------------------------------
60       100   20     8x8/M4                -       2.229s         >60s TIMEOUT
60       101   20     8x8/M4        146392546       2.086s    803.000ms OK
60       102   20     8x8/M4       2092121819       2.087s       4.806s OK
60       103   20     8x8/M4       2675160103       2.168s      19.373s OK
60       104   20     8x8/M4        279391161       2.051s       1.004s OK

Level    OK      Rate    Board
-----------------------------------
60        4/5       80%  8x8/M4

4 ok, 0 fail, 1 timeout, 0 error
Consistently 100% through level: 0
Every tested level achieved at least 50% success.

=== level61-40s-offset100.txt ===
Benchmarking levels 61-61, 5 games each (40s timeout, 5 tasks, 1 workers)
Level    Game  Pcs    Board             Nodes         Prep       Search Result
----------------------------------------------------------------------
61       100   17     10x10/M3      255170179    582.000ms    201.000ms OK
61       101   17     10x10/M3       33124971    539.000ms    402.000ms OK
61       102   17     10x10/M3       28553603    566.000ms    201.000ms OK
61       103   17     10x10/M3       27649724    575.000ms    201.000ms OK
61       104   17     10x10/M3      625206414    580.000ms    606.000ms OK

Level    OK      Rate    Board
-----------------------------------
61        5/5      100%  10x10/M3

5 ok, 0 fail, 0 timeout, 0 error
Consistently 100% through level: 61
Every tested level achieved at least 50% success.

=== level62-60s-offset100.txt ===
Benchmarking levels 62-62, 5 games each (60s timeout, 5 tasks, 1 workers)
Level    Game  Pcs    Board             Nodes         Prep       Search Result
----------------------------------------------------------------------
62       100   18     10x10/M3     2497801189    601.000ms       2.603s OK
62       101   18     10x10/M3              -    613.000ms         >60s TIMEOUT
62       102   18     10x10/M3       96828176    612.000ms    202.000ms OK
62       103   18     10x10/M3         218969    591.000ms    201.000ms OK
62       104   18     10x10/M3      143835870    604.000ms    201.000ms OK

Level    OK      Rate    Board
-----------------------------------
62        4/5       80%  10x10/M3

4 ok, 0 fail, 1 timeout, 0 error
Consistently 100% through level: 0
Every tested level achieved at least 50% success.

=== level63-60s-offset100.txt ===
Benchmarking levels 63-63, 5 games each (60s timeout, 5 tasks, 1 workers)
Level    Game  Pcs    Board             Nodes         Prep       Search Result
----------------------------------------------------------------------
63       100   19     10x10/M3      165830698    602.000ms    201.000ms OK
63       101   19     10x10/M3     2072528511    646.000ms       2.405s OK
63       102   19     10x10/M3     7791736836    632.000ms       3.803s OK
63       103   19     10x10/M3       69477581    630.000ms    201.000ms OK
63       104   19     10x10/M3     3530460807    635.000ms       5.784s OK

Level    OK      Rate    Board
-----------------------------------
63        5/5      100%  10x10/M3

5 ok, 0 fail, 0 timeout, 0 error
Consistently 100% through level: 63
Every tested level achieved at least 50% success.

=== level64-60s-offset100.txt ===
Benchmarking levels 64-64, 5 games each (60s timeout, 5 tasks, 1 workers)
Level    Game  Pcs    Board             Nodes         Prep       Search Result
----------------------------------------------------------------------
64       100   20     10x10/M3    12624851265    650.000ms      43.631s OK
64       101   20     10x10/M3     3636363571    699.000ms      14.430s OK
64       102   20     10x10/M3     6439221815    684.000ms      18.925s OK
64       103   20     10x10/M3     3476887094    686.000ms      18.197s OK
64       104   20     10x10/M3     5509320801    693.000ms      22.064s OK

Level    OK      Rate    Board
-----------------------------------
64        5/5      100%  10x10/M3

5 ok, 0 fail, 0 timeout, 0 error
Consistently 100% through level: 64
Every tested level achieved at least 50% success.

=== level65-40s-offset100.txt ===
Benchmarking levels 65-65, 5 games each (40s timeout, 5 tasks, 1 workers)
Level    Game  Pcs    Board             Nodes         Prep       Search Result
----------------------------------------------------------------------
65       100   18     10x10/M4          32251       1.997s    201.000ms OK
65       101   18     10x10/M4         145988       1.986s    803.000ms OK
65       102   18     10x10/M4       19439341       2.030s    602.000ms OK
65       103   18     10x10/M4          46874       1.991s    602.000ms OK
65       104   18     10x10/M4        2561058       1.968s    602.000ms OK

Level    OK      Rate    Board
-----------------------------------
65        5/5      100%  10x10/M4

5 ok, 0 fail, 0 timeout, 0 error
Consistently 100% through level: 65
Every tested level achieved at least 50% success.

=== level66-40s-offset100.txt ===
Benchmarking levels 66-66, 5 games each (40s timeout, 5 tasks, 1 workers)
Level    Game  Pcs    Board             Nodes         Prep       Search Result
----------------------------------------------------------------------
66       100   19     10x10/M4         240695       2.060s    602.000ms OK
66       101   19     10x10/M4         197452       2.116s    803.000ms OK
66       102   19     10x10/M4          18940       2.123s    602.000ms OK
66       103   19     10x10/M4       19044200       2.123s    804.000ms OK
66       104   19     10x10/M4          25859       2.080s    602.000ms OK

Level    OK      Rate    Board
-----------------------------------
66        5/5      100%  10x10/M4

5 ok, 0 fail, 0 timeout, 0 error
Consistently 100% through level: 66
Every tested level achieved at least 50% success.

=== level67-40s-offset100.txt ===
Benchmarking levels 67-67, 5 games each (40s timeout, 5 tasks, 1 workers)
Level    Game  Pcs    Board             Nodes         Prep       Search Result
----------------------------------------------------------------------
67       100   20     10x10/M4       37067477       2.312s    802.000ms OK
67       101   20     10x10/M4        3279092       2.181s    803.000ms OK
67       102   20     10x10/M4       60783761       2.331s    602.000ms OK
67       103   20     10x10/M4         112300       2.177s    802.000ms OK
67       104   20     10x10/M4       33279824       2.224s    802.000ms OK

Level    OK      Rate    Board
-----------------------------------
67        5/5      100%  10x10/M4

5 ok, 0 fail, 0 timeout, 0 error
Consistently 100% through level: 67
Every tested level achieved at least 50% success.

=== level68-60s-offset100.txt ===
Benchmarking levels 68-68, 5 games each (60s timeout, 5 tasks, 1 workers)
Level    Game  Pcs    Board             Nodes         Prep       Search Result
----------------------------------------------------------------------
68       100   21     10x10/M4     5018378804       2.390s       2.804s OK
68       101   21     10x10/M4         318793       2.271s    601.000ms OK
68       102   21     10x10/M4              -       2.411s         >60s TIMEOUT
68       103   21     10x10/M4       40351362       2.257s    802.000ms OK
68       104   21     10x10/M4      113511783       2.353s    802.000ms OK

Level    OK      Rate    Board
-----------------------------------
68        4/5       80%  10x10/M4

4 ok, 0 fail, 1 timeout, 0 error
Consistently 100% through level: 0
Every tested level achieved at least 50% success.

=== level69-40s-offset100.txt ===
Benchmarking levels 69-69, 5 games each (40s timeout, 5 tasks, 1 workers)
Level    Game  Pcs    Board             Nodes         Prep       Search Result
----------------------------------------------------------------------
69       100   22     10x10/M4         341582       2.337s    802.000ms OK
69       101   22     10x10/M4       12469206       2.496s    803.000ms OK
69       102   22     10x10/M4      253564339       2.423s    802.000ms OK
69       103   22     10x10/M4        3785597       2.389s    803.000ms OK
69       104   22     10x10/M4        2014938       2.411s    803.000ms OK

Level    OK      Rate    Board
-----------------------------------
69        5/5      100%  10x10/M4

5 ok, 0 fail, 0 timeout, 0 error
Consistently 100% through level: 69
Every tested level achieved at least 50% success.

=== level70-60s-offset100.txt ===
Benchmarking levels 70-70, 5 games each (60s timeout, 5 tasks, 1 workers)
Level    Game  Pcs    Board             Nodes         Prep       Search Result
----------------------------------------------------------------------
70       100   23     10x10/M4     1220936281       2.657s       1.805s OK
70       101   23     10x10/M4     1431077338       2.610s       1.404s OK
70       102   23     10x10/M4    14715629533       2.659s       5.394s OK
70       103   23     10x10/M4     7986090095       2.590s       5.310s OK
70       104   23     10x10/M4     2186665213       2.572s       2.205s OK

Level    OK      Rate    Board
-----------------------------------
70        5/5      100%  10x10/M4

5 ok, 0 fail, 0 timeout, 0 error
Consistently 100% through level: 70
Every tested level achieved at least 50% success.

=== level71-60s-offset100.txt ===
Benchmarking levels 71-71, 5 games each (60s timeout, 5 tasks, 1 workers)
Level    Game  Pcs    Board             Nodes         Prep       Search Result
----------------------------------------------------------------------
71       100   18     10x11/M3       45635946    626.000ms    201.000ms OK
71       101   18     10x11/M3     4355279151    651.000ms       5.226s OK
71       102   18     10x11/M3       97735735    596.000ms    201.000ms OK
71       103   18     10x11/M3     5257785293    650.000ms       5.075s OK
71       104   18     10x11/M3       11428049    617.000ms    201.000ms OK

Level    OK      Rate    Board
-----------------------------------
71        5/5      100%  10x11/M3

5 ok, 0 fail, 0 timeout, 0 error
Consistently 100% through level: 71
Every tested level achieved at least 50% success.

=== level72-40s-offset100.txt ===
Benchmarking levels 72-72, 5 games each (40s timeout, 5 tasks, 1 workers)
Level    Game  Pcs    Board             Nodes         Prep       Search Result
----------------------------------------------------------------------
72       100   19     10x11/M3     2122287639    705.000ms       2.005s OK
72       101   19     10x11/M3      274456703    702.000ms    406.000ms OK
72       102   19     10x11/M3      123776621    675.000ms    201.000ms OK
72       103   19     10x11/M3      171994243    652.000ms    204.000ms OK
72       104   19     10x11/M3              -    697.000ms         >40s TIMEOUT

Level    OK      Rate    Board
-----------------------------------
72        4/5       80%  10x11/M3

4 ok, 0 fail, 1 timeout, 0 error
Consistently 100% through level: 0
Every tested level achieved at least 50% success.

=== level73-40s-offset100.txt ===
Benchmarking levels 73-73, 5 games each (40s timeout, 5 tasks, 1 workers)
Level    Game  Pcs    Board             Nodes         Prep       Search Result
----------------------------------------------------------------------
73       100   20     10x11/M3     5455918095    733.000ms       5.076s OK
73       101   20     10x11/M3              -    738.000ms         >40s TIMEOUT
73       102   20     10x11/M3     4184409543    744.000ms       5.099s OK
73       103   20     10x11/M3       28595153    700.000ms    201.000ms OK
73       104   20     10x11/M3              -    757.000ms         >40s TIMEOUT

Level    OK      Rate    Board
-----------------------------------
73        3/5       60%  10x11/M3

3 ok, 0 fail, 2 timeout, 0 error
Consistently 100% through level: 0
Every tested level achieved at least 50% success.

=== level74-40s-offset100.txt ===
Benchmarking levels 74-74, 5 games each (40s timeout, 5 tasks, 1 workers)
Level    Game  Pcs    Board             Nodes         Prep       Search Result
----------------------------------------------------------------------
74       100   21     10x11/M3     6220519772    759.000ms       4.406s OK
74       101   21     10x11/M3     3952694010    759.000ms      21.281s OK
74       102   21     10x11/M3    12150838383    735.000ms       7.541s OK
74       103   21     10x11/M3     5091954589    742.000ms       5.154s OK
74       104   21     10x11/M3        1087826    727.000ms    201.000ms OK

Level    OK      Rate    Board
-----------------------------------
74        5/5      100%  10x11/M3

5 ok, 0 fail, 0 timeout, 0 error
Consistently 100% through level: 74
Every tested level achieved at least 50% success.

=== level75-120s-offset100.txt ===
Benchmarking levels 75-75, 5 games each (120s timeout, 5 tasks, 1 workers)
Level    Game  Pcs    Board             Nodes         Prep       Search Result
----------------------------------------------------------------------
75       100   22     10x11/M3     3196639700       1.726s       5.263s OK
75       101   22     10x11/M3              -       1.755s        >120s TIMEOUT
75       102   22     10x11/M3     3884198169       1.775s       7.620s OK
75       103   22     10x11/M3     4493623077       1.775s      94.014s OK
75       104   22     10x11/M3    16013971568       1.800s     104.622s OK

Level    OK      Rate    Board
-----------------------------------
75        4/5       80%  10x11/M3

4 ok, 0 fail, 1 timeout, 0 error
Consistently 100% through level: 0
Every tested level achieved at least 50% success.

=== level76-40s-offset100.txt ===
Benchmarking levels 76-76, 5 games each (40s timeout, 5 tasks, 1 workers)
Level    Game  Pcs    Board             Nodes         Prep       Search Result
----------------------------------------------------------------------
76       100   20     10x11/M4        7646199       2.282s    802.000ms OK
76       101   20     10x11/M4        2477435       2.332s    802.000ms OK
76       102   20     10x11/M4          63997       2.256s    602.000ms OK
76       103   20     10x11/M4           5921       2.221s    602.000ms OK
76       104   20     10x11/M4         878692       2.329s    802.000ms OK

Level    OK      Rate    Board
-----------------------------------
76        5/5      100%  10x11/M4

5 ok, 0 fail, 0 timeout, 0 error
Consistently 100% through level: 76
Every tested level achieved at least 50% success.

=== level77-40s-offset100.txt ===
Benchmarking levels 77-77, 5 games each (40s timeout, 5 tasks, 1 workers)
Level    Game  Pcs    Board             Nodes         Prep       Search Result
----------------------------------------------------------------------
77       100   21     10x11/M4      447536778       2.378s       1.006s OK
77       101   21     10x11/M4         794780       2.419s    802.000ms OK
77       102   21     10x11/M4       81535214       2.355s    802.000ms OK
77       103   21     10x11/M4          81888       2.388s    802.000ms OK
77       104   21     10x11/M4        1373400       2.420s    802.000ms OK

Level    OK      Rate    Board
-----------------------------------
77        5/5      100%  10x11/M4

5 ok, 0 fail, 0 timeout, 0 error
Consistently 100% through level: 77
Every tested level achieved at least 50% success.

=== level78-40s-offset100.txt ===
Benchmarking levels 78-78, 5 games each (40s timeout, 5 tasks, 1 workers)
Level    Game  Pcs    Board             Nodes         Prep       Search Result
----------------------------------------------------------------------
78       100   22     10x11/M4      484180552       2.501s    802.000ms OK
78       101   22     10x11/M4        4127880       2.518s    803.000ms OK
78       102   22     10x11/M4      533947928       2.548s    802.000ms OK
78       103   22     10x11/M4       42203133       2.441s    802.000ms OK
78       104   22     10x11/M4        7790211       2.477s    803.000ms OK

Level    OK      Rate    Board
-----------------------------------
78        5/5      100%  10x11/M4

5 ok, 0 fail, 0 timeout, 0 error
Consistently 100% through level: 78
Every tested level achieved at least 50% success.

=== level79-60s-offset100.txt ===
Benchmarking levels 79-79, 5 games each (60s timeout, 5 tasks, 1 workers)
Level    Game  Pcs    Board             Nodes         Prep       Search Result
----------------------------------------------------------------------
79       100   23     10x11/M4        4418065       2.662s    802.000ms OK
79       101   23     10x11/M4     2038762192       2.529s       1.207s OK
79       102   23     10x11/M4     6519143608       2.625s       5.421s OK
79       103   23     10x11/M4      653524161       2.625s    806.000ms OK
79       104   23     10x11/M4     1624482129       2.610s       1.004s OK

Level    OK      Rate    Board
-----------------------------------
79        5/5      100%  10x11/M4

5 ok, 0 fail, 0 timeout, 0 error
Consistently 100% through level: 79
Every tested level achieved at least 50% success.

=== level80-40s-offset100.txt ===
Benchmarking levels 80-80, 5 games each (40s timeout, 5 tasks, 1 workers)
Level    Game  Pcs    Board             Nodes         Prep       Search Result
----------------------------------------------------------------------
80       100   24     10x11/M4      179277883       2.783s    603.000ms OK
80       101   24     10x11/M4      423521423       2.710s    803.000ms OK
80       102   24     10x11/M4              -       2.714s         >40s TIMEOUT
80       103   24     10x11/M4              -       2.758s         >40s TIMEOUT
80       104   24     10x11/M4     8293019489       2.763s       6.233s OK

Level    OK      Rate    Board
-----------------------------------
80        3/5       60%  10x11/M4

3 ok, 0 fail, 2 timeout, 0 error
Consistently 100% through level: 0
Every tested level achieved at least 50% success.

=== level81-40s-offset100.txt ===
Benchmarking levels 81-81, 5 games each (40s timeout, 5 tasks, 1 workers)
Level    Game  Pcs    Board             Nodes         Prep       Search Result
----------------------------------------------------------------------
81       100   20     12x12/M3     5024959038    824.000ms       2.813s OK
81       101   20     12x12/M3     2257608245    862.000ms       1.406s OK
81       102   20     12x12/M3         140528    834.000ms    201.000ms OK
81       103   20     12x12/M3        1522472    821.000ms    201.000ms OK
81       104   20     12x12/M3       66109768    841.000ms    201.000ms OK

Level    OK      Rate    Board
-----------------------------------
81        5/5      100%  12x12/M3

5 ok, 0 fail, 0 timeout, 0 error
Consistently 100% through level: 81
Every tested level achieved at least 50% success.

=== level82-40s-offset100.txt ===
Benchmarking levels 82-82, 5 games each (40s timeout, 5 tasks, 1 workers)
Level    Game  Pcs    Board             Nodes         Prep       Search Result
----------------------------------------------------------------------
82       100   21     12x12/M3      297455904    891.000ms    201.000ms OK
82       101   21     12x12/M3     7841501712    889.000ms       5.142s OK
82       102   21     12x12/M3       35933330    880.000ms    401.000ms OK
82       103   21     12x12/M3     1364358795    869.000ms    602.000ms OK
82       104   21     12x12/M3     9242136722    887.000ms       5.674s OK

Level    OK      Rate    Board
-----------------------------------
82        5/5      100%  12x12/M3

5 ok, 0 fail, 0 timeout, 0 error
Consistently 100% through level: 82
Every tested level achieved at least 50% success.

=== level83-40s-offset100.txt ===
Benchmarking levels 83-83, 5 games each (40s timeout, 5 tasks, 1 workers)
Level    Game  Pcs    Board             Nodes         Prep       Search Result
----------------------------------------------------------------------
83       100   22     12x12/M3     7693050162    939.000ms       5.182s OK
83       101   22     12x12/M3       70497491    908.000ms    201.000ms OK
83       102   22     12x12/M3       31863765    915.000ms    201.000ms OK
83       103   22     12x12/M3     5716180372    988.000ms       5.250s OK
83       104   22     12x12/M3     5769741992    947.000ms       5.433s OK

Level    OK      Rate    Board
-----------------------------------
83        5/5      100%  12x12/M3

5 ok, 0 fail, 0 timeout, 0 error
Consistently 100% through level: 83
Every tested level achieved at least 50% success.

=== level84-60s-offset100.txt ===
Benchmarking levels 84-84, 5 games each (60s timeout, 5 tasks, 1 workers)
Level    Game  Pcs    Board             Nodes         Prep       Search Result
----------------------------------------------------------------------
84       100   23     12x12/M3    12077135700    982.000ms       4.807s OK
84       101   23     12x12/M3       11644289    936.000ms    401.000ms OK
84       102   23     12x12/M3         301657    957.000ms    201.000ms OK
84       103   23     12x12/M3      381664958    973.000ms    406.000ms OK
84       104   23     12x12/M3     6522157399    943.000ms       7.436s OK

Level    OK      Rate    Board
-----------------------------------
84        5/5      100%  12x12/M3

5 ok, 0 fail, 0 timeout, 0 error
Consistently 100% through level: 84
Every tested level achieved at least 50% success.

=== level85-120s-offset100.txt ===
Benchmarking levels 85-85, 5 games each (120s timeout, 5 tasks, 1 workers)
Level    Game  Pcs    Board             Nodes         Prep       Search Result
----------------------------------------------------------------------
85       100   24     12x12/M3     8609658252    987.000ms       5.702s OK
85       101   24     12x12/M3     9376892077    999.000ms       4.807s OK
85       102   24     12x12/M3              -    999.000ms        >120s TIMEOUT
85       103   24     12x12/M3    60540977064       1.000s      53.436s OK
85       104   24     12x12/M3              -    999.000ms        >120s TIMEOUT

Level    OK      Rate    Board
-----------------------------------
85        3/5       60%  12x12/M3

3 ok, 0 fail, 2 timeout, 0 error
Consistently 100% through level: 0
Every tested level achieved at least 50% success.

=== level86-40s-offset100.txt ===
Benchmarking levels 86-86, 5 games each (40s timeout, 5 tasks, 1 workers)
Level    Game  Pcs    Board             Nodes         Prep       Search Result
----------------------------------------------------------------------
86       100   21     12x12/M4       24163306       2.472s    803.000ms OK
86       101   21     12x12/M4          60556       2.496s    201.000ms OK
86       102   21     12x12/M4          48250       2.599s    803.000ms OK
86       103   21     12x12/M4         218547       2.522s    802.000ms OK
86       104   21     12x12/M4          22075       2.558s    200.000ms OK

Level    OK      Rate    Board
-----------------------------------
86        5/5      100%  12x12/M4

5 ok, 0 fail, 0 timeout, 0 error
Consistently 100% through level: 86
Every tested level achieved at least 50% success.

=== level87-40s-offset100.txt ===
Benchmarking levels 87-87, 5 games each (40s timeout, 5 tasks, 1 workers)
Level    Game  Pcs    Board             Nodes         Prep       Search Result
----------------------------------------------------------------------
87       100   22     12x12/M4        4706207       2.642s    603.000ms OK
87       101   22     12x12/M4         535694       2.705s    802.000ms OK
87       102   22     12x12/M4        1248960       2.712s    803.000ms OK
87       103   22     12x12/M4         964095       2.615s    602.000ms OK
87       104   22     12x12/M4       87172137       2.723s    803.000ms OK

Level    OK      Rate    Board
-----------------------------------
87        5/5      100%  12x12/M4

5 ok, 0 fail, 0 timeout, 0 error
Consistently 100% through level: 87
Every tested level achieved at least 50% success.

=== level88-40s-offset100.txt ===
Benchmarking levels 88-88, 5 games each (40s timeout, 5 tasks, 1 workers)
Level    Game  Pcs    Board             Nodes         Prep       Search Result
----------------------------------------------------------------------
88       100   23     12x12/M4         540365       2.753s    803.000ms OK
88       101   23     12x12/M4       14253290       2.772s    601.000ms OK
88       102   23     12x12/M4        8273188       2.715s    401.000ms OK
88       103   23     12x12/M4         198378       2.839s    601.000ms OK
88       104   23     12x12/M4      120028485       2.899s    602.000ms OK

Level    OK      Rate    Board
-----------------------------------
88        5/5      100%  12x12/M4

5 ok, 0 fail, 0 timeout, 0 error
Consistently 100% through level: 88
Every tested level achieved at least 50% success.

=== level89-40s-offset100.txt ===
Benchmarking levels 89-89, 5 games each (40s timeout, 5 tasks, 1 workers)
Level    Game  Pcs    Board             Nodes         Prep       Search Result
----------------------------------------------------------------------
89       100   24     12x12/M4         438973       2.859s    802.000ms OK
89       101   24     12x12/M4      102032907       2.839s    802.000ms OK
89       102   24     12x12/M4           3280       2.865s    602.000ms OK
89       103   24     12x12/M4       15619737       2.883s    602.000ms OK
89       104   24     12x12/M4        4307294       2.878s    803.000ms OK

Level    OK      Rate    Board
-----------------------------------
89        5/5      100%  12x12/M4

5 ok, 0 fail, 0 timeout, 0 error
Consistently 100% through level: 89
Every tested level achieved at least 50% success.

=== level90-40s-offset100.txt ===
Benchmarking levels 90-90, 5 games each (40s timeout, 5 tasks, 1 workers)
Level    Game  Pcs    Board             Nodes         Prep       Search Result
----------------------------------------------------------------------
90       100   25     12x12/M4       48991530       2.977s    803.000ms OK
90       101   25     12x12/M4      856090559       2.914s    401.000ms OK
90       102   25     12x12/M4         214194       3.012s    602.000ms OK
90       103   25     12x12/M4         907418       2.926s    601.000ms OK
90       104   25     12x12/M4       32057855       3.058s    801.000ms OK

Level    OK      Rate    Board
-----------------------------------
90        5/5      100%  12x12/M4

5 ok, 0 fail, 0 timeout, 0 error
Consistently 100% through level: 90
Every tested level achieved at least 50% success.

=== level91-40s-offset100.txt ===
Benchmarking levels 91-91, 5 games each (40s timeout, 5 tasks, 1 workers)
Level    Game  Pcs    Board             Nodes         Prep       Search Result
----------------------------------------------------------------------
91       100   23     14x13/M4           6698       2.866s    200.000ms OK
91       101   23     14x13/M4           9214       2.939s    601.000ms OK
91       102   23     14x13/M4          82145       2.982s    602.000ms OK
91       103   23     14x13/M4          16098       2.843s    801.000ms OK
91       104   23     14x13/M4           5110       2.919s    601.000ms OK

Level    OK      Rate    Board
-----------------------------------
91        5/5      100%  14x13/M4

5 ok, 0 fail, 0 timeout, 0 error
Consistently 100% through level: 91
Every tested level achieved at least 50% success.

=== level92-40s-offset100.txt ===
Benchmarking levels 92-92, 5 games each (40s timeout, 5 tasks, 1 workers)
Level    Game  Pcs    Board             Nodes         Prep       Search Result
----------------------------------------------------------------------
92       100   24     14x13/M4         119068       3.102s    802.000ms OK
92       101   24     14x13/M4          49795       3.090s    602.000ms OK
92       102   24     14x13/M4      158032383       3.110s    201.000ms OK
92       103   24     14x13/M4           8590       3.057s    602.000ms OK
92       104   24     14x13/M4         248611       3.046s    803.000ms OK

Level    OK      Rate    Board
-----------------------------------
92        5/5      100%  14x13/M4

5 ok, 0 fail, 0 timeout, 0 error
Consistently 100% through level: 92
Every tested level achieved at least 50% success.

=== level93-40s-offset100.txt ===
Benchmarking levels 93-93, 5 games each (40s timeout, 5 tasks, 1 workers)
Level    Game  Pcs    Board             Nodes         Prep       Search Result
----------------------------------------------------------------------
93       100   25     14x13/M4         858088       3.168s    801.000ms OK
93       101   25     14x13/M4         488358       3.244s    602.000ms OK
93       102   25     14x13/M4         284190       3.164s    201.000ms OK
93       103   25     14x13/M4        6881824       3.170s    802.000ms OK
93       104   25     14x13/M4          32991       3.216s    804.000ms OK

Level    OK      Rate    Board
-----------------------------------
93        5/5      100%  14x13/M4

5 ok, 0 fail, 0 timeout, 0 error
Consistently 100% through level: 93
Every tested level achieved at least 50% success.

=== level94-60s-offset100.txt ===
Benchmarking levels 94-94, 5 games each (60s timeout, 5 tasks, 1 workers)
Level    Game  Pcs    Board             Nodes         Prep       Search Result
----------------------------------------------------------------------
94       100   26     14x13/M4      537536139       3.289s    803.000ms OK
94       101   26     14x13/M4     8703361702       3.329s       1.805s OK
94       102   26     14x13/M4         325978       3.263s    802.000ms OK
94       103   26     14x13/M4          16051       3.247s    803.000ms OK
94       104   26     14x13/M4         246519       3.267s    603.000ms OK

Level    OK      Rate    Board
-----------------------------------
94        5/5      100%  14x13/M4

5 ok, 0 fail, 0 timeout, 0 error
Consistently 100% through level: 94
Every tested level achieved at least 50% success.

=== level95-40s-offset100.txt ===
Benchmarking levels 95-95, 5 games each (40s timeout, 5 tasks, 1 workers)
Level    Game  Pcs    Board             Nodes         Prep       Search Result
----------------------------------------------------------------------
95       100   24     14x13/M5       38996244       1.001s    602.000ms OK
95       101   24     14x13/M5           6257    967.000ms    601.000ms OK
95       102   24     14x13/M5        6519484    962.000ms    801.000ms OK
95       103   24     14x13/M5          11884       1.022s    601.000ms OK
95       104   24     14x13/M5         405981    974.000ms    802.000ms OK

Level    OK      Rate    Board
-----------------------------------
95        5/5      100%  14x13/M5

5 ok, 0 fail, 0 timeout, 0 error
Consistently 100% through level: 95
Every tested level achieved at least 50% success.

=== level96-40s-offset100.txt ===
Benchmarking levels 96-96, 5 games each (40s timeout, 5 tasks, 1 workers)
Level    Game  Pcs    Board             Nodes         Prep       Search Result
----------------------------------------------------------------------
96       100   26     14x13/M5        1502695       1.098s    602.000ms OK
96       101   26     14x13/M5         493865       1.061s    802.000ms OK
96       102   26     14x13/M5         106932       1.057s    802.000ms OK
96       103   26     14x13/M5          18620       1.077s    602.000ms OK
96       104   26     14x13/M5         463300       1.071s    802.000ms OK

Level    OK      Rate    Board
-----------------------------------
96        5/5      100%  14x13/M5

5 ok, 0 fail, 0 timeout, 0 error
Consistently 100% through level: 96
Every tested level achieved at least 50% success.

=== level97-40s-offset100.txt ===
Benchmarking levels 97-97, 5 games each (40s timeout, 5 tasks, 1 workers)
Level    Game  Pcs    Board             Nodes         Prep       Search Result
----------------------------------------------------------------------
97       100   28     14x13/M5        3355284       1.125s    802.000ms OK
97       101   28     14x13/M5         335542       1.177s    601.000ms OK
97       102   28     14x13/M5          12001       1.158s    602.000ms OK
97       103   28     14x13/M5         383777       1.140s    601.000ms OK
97       104   28     14x13/M5        9007479       1.173s    601.000ms OK

Level    OK      Rate    Board
-----------------------------------
97        5/5      100%  14x13/M5

5 ok, 0 fail, 0 timeout, 0 error
Consistently 100% through level: 97
Every tested level achieved at least 50% success.

=== level98-40s-offset100.txt ===
Benchmarking levels 98-98, 5 games each (40s timeout, 5 tasks, 1 workers)
Level    Game  Pcs    Board             Nodes         Prep       Search Result
----------------------------------------------------------------------
98       100   30     14x13/M5        2232425       1.255s    802.000ms OK
98       101   30     14x13/M5      536483857       1.233s    602.000ms OK
98       102   30     14x13/M5      184137054       1.235s    803.000ms OK
98       103   30     14x13/M5       12113957       1.250s    802.000ms OK
98       104   30     14x13/M5      266745509       1.261s    802.000ms OK

Level    OK      Rate    Board
-----------------------------------
98        5/5      100%  14x13/M5

5 ok, 0 fail, 0 timeout, 0 error
Consistently 100% through level: 98
Every tested level achieved at least 50% success.

=== level99-40s-offset100.txt ===
Benchmarking levels 99-99, 5 games each (40s timeout, 5 tasks, 1 workers)
Level    Game  Pcs    Board             Nodes         Prep       Search Result
----------------------------------------------------------------------
99       100   32     14x13/M5      676773718       1.308s    803.000ms OK
99       101   32     14x13/M5     2349101373       1.332s       1.204s OK
99       102   32     14x13/M5       63198853       1.344s    803.000ms OK
99       103   32     14x13/M5     2721187888       1.329s       1.206s OK
99       104   32     14x13/M5    26499639897       1.388s       3.605s OK

Level    OK      Rate    Board
-----------------------------------
99        5/5      100%  14x13/M5

5 ok, 0 fail, 0 timeout, 0 error
Consistently 100% through level: 99
Every tested level achieved at least 50% success.

=== level100-40s-offset100.txt ===
Benchmarking levels 100-100, 5 games each (40s timeout, 5 tasks, 1 workers)
Level    Game  Pcs    Board             Nodes         Prep       Search Result
----------------------------------------------------------------------
100      100   36     14x14/M5              -       1.596s         >40s TIMEOUT
100      101   36     14x14/M5    42868897510       1.544s       5.806s OK
100      102   36     14x14/M5     1202542563       1.596s    802.000ms OK
100      103   36     14x14/M5              -       1.583s         >40s TIMEOUT
100      104   36     14x14/M5    13711838332       1.577s       2.207s OK

Level    OK      Rate    Board
-----------------------------------
100       3/5       60%  14x14/M5

3 ok, 0 fail, 2 timeout, 0 error
Consistently 100% through level: 0
Every tested level achieved at least 50% success.
