=== level40-120s-offset100.txt ===
Benchmarking levels 40-40, 5 games each (120s timeout, 5 tasks, 1 workers)
Level    Game  Pcs    Board             Nodes         Prep       Search Result
----------------------------------------------------------------------
40       100   18     6x6/M3         20116318    776.000ms    200.000ms OK
40       101   18     6x6/M3          8367336    798.000ms    200.000ms OK
40       102   18     6x6/M3          1534802    781.000ms    201.000ms OK
40       103   18     6x6/M3         47677778    791.000ms    405.000ms OK
40       104   18     6x6/M3       1128130814    804.000ms      55.989s OK

Level    OK      Rate    Board
-----------------------------------
40        5/5      100%  6x6/M3

5 ok, 0 fail, 0 timeout, 0 error
Consistently 100% through level: 40
Every tested level achieved at least 50% success.

=== level50-120s-offset100.txt ===
Benchmarking levels 50-50, 5 games each (120s timeout, 5 tasks, 1 workers)
Level    Game  Pcs    Board             Nodes         Prep       Search Result
----------------------------------------------------------------------
50       100   20     8x7/M3       1807232936       1.059s      16.694s OK
50       101   20     8x7/M3       5643002545       1.092s      63.110s OK
50       102   20     8x7/M3        311197529       1.000s    604.000ms OK
50       103   20     8x7/M3       2230035476       1.024s      56.865s OK
50       104   20     8x7/M3       2170405261       1.068s      25.721s OK

Level    OK      Rate    Board
-----------------------------------
50        5/5      100%  8x7/M3

5 ok, 0 fail, 0 timeout, 0 error
Consistently 100% through level: 50
Every tested level achieved at least 50% success.

=== level51-120s-offset100.txt ===
Benchmarking levels 51-51, 5 games each (120s timeout, 5 tasks, 1 workers)
Level    Game  Pcs    Board             Nodes         Prep       Search Result
----------------------------------------------------------------------
51       100   16     8x8/M2        241572398       1.583s    404.000ms OK
51       101   16     8x8/M2         57318599       1.617s    200.000ms OK
51       102   16     8x8/M2          1307934       1.566s    200.000ms OK
51       103   16     8x8/M2          3438165       1.561s    200.000ms OK
51       104   16     8x8/M2         41133926       1.629s    200.000ms OK

Level    OK      Rate    Board
-----------------------------------
51        5/5      100%  8x8/M2

5 ok, 0 fail, 0 timeout, 0 error
Consistently 100% through level: 51
Every tested level achieved at least 50% success.

=== level75-120s-offset100.txt ===
Benchmarking levels 75-75, 5 games each (120s timeout, 5 tasks, 1 workers)
Level    Game  Pcs    Board             Nodes         Prep       Search Result
----------------------------------------------------------------------
75       100   22     10x11/M3     3270533936       1.739s      30.251s OK
75       101   22     10x11/M3              -       1.735s        >120s TIMEOUT
75       102   22     10x11/M3     3726767173       1.775s      32.807s OK
75       103   22     10x11/M3     4169606329       1.758s      59.654s OK
75       104   22     10x11/M3    15858193189       1.781s      67.312s OK

Level    OK      Rate    Board
-----------------------------------
75        4/5       80%  10x11/M3

4 ok, 0 fail, 1 timeout, 0 error
Consistently 100% through level: 0
Every tested level achieved at least 50% success.

=== level80-120s-offset100.txt ===
Benchmarking levels 80-80, 5 games each (120s timeout, 5 tasks, 1 workers)
Level    Game  Pcs    Board             Nodes         Prep       Search Result
----------------------------------------------------------------------
80       100   24     10x11/M4     1210115749       2.793s    804.000ms OK
80       101   24     10x11/M4      482596201       2.715s    803.000ms OK
80       102   24     10x11/M4              -       2.745s        >120s TIMEOUT
80       103   24     10x11/M4              -       2.736s        >120s TIMEOUT
80       104   24     10x11/M4     8120704037       2.738s      31.311s OK

Level    OK      Rate    Board
-----------------------------------
80        3/5       60%  10x11/M4

3 ok, 0 fail, 2 timeout, 0 error
Consistently 100% through level: 0
Every tested level achieved at least 50% success.

=== level85-120s-offset100.txt ===
Benchmarking levels 85-85, 5 games each (120s timeout, 5 tasks, 1 workers)
Level    Game  Pcs    Board             Nodes         Prep       Search Result
----------------------------------------------------------------------
85       100   24     12x12/M3     8547910075       2.354s      30.862s OK
85       101   24     12x12/M3     9282164723       2.317s       5.006s OK
85       102   24     12x12/M3     5174920403       2.380s      60.876s OK
85       103   24     12x12/M3    12127888490       2.453s      60.510s OK
85       104   24     12x12/M3     5871683981       2.366s      63.339s OK

Level    OK      Rate    Board
-----------------------------------
85        5/5      100%  12x12/M3

5 ok, 0 fail, 0 timeout, 0 error
Consistently 100% through level: 85
Every tested level achieved at least 50% success.

=== level100-120s-offset100.txt ===
Benchmarking levels 100-100, 5 games each (120s timeout, 5 tasks, 1 workers)
Level    Game  Pcs    Board             Nodes         Prep       Search Result
----------------------------------------------------------------------
100      100   36     14x14/M5    26817338779       1.601s      32.395s OK
100      101   36     14x14/M5    36835581840       1.540s      34.863s OK
100      102   36     14x14/M5     1528507175       1.592s    804.000ms OK
100      103   36     14x14/M5              -       1.588s        >120s TIMEOUT
100      104   36     14x14/M5    17053248722       1.586s       2.609s OK

Level    OK      Rate    Board
-----------------------------------
100       4/5       80%  14x14/M5

4 ok, 0 fail, 1 timeout, 0 error
Consistently 100% through level: 0
Every tested level achieved at least 50% success.
