=== serial-level40-120s-offset100.txt ===
Benchmarking levels 40-40, 5 games each (120s timeout, 5 tasks, 1 workers)
Level    Game  Pcs    Board             Nodes         Prep       Search Result
----------------------------------------------------------------------
40       100   18     6x6/M3        159768019    375.000ms      18.527s OK
40       101   18     6x6/M3         11865851    409.000ms       1.440s OK
40       102   18     6x6/M3           395531    390.000ms     40.000ms OK
40       103   18     6x6/M3         14154608    403.000ms       1.607s OK
40       104   18     6x6/M3                -    412.000ms        >120s TIMEOUT

Level    OK      Rate    Board
-----------------------------------
40        4/5       80%  6x6/M3

4 ok, 0 fail, 1 timeout, 0 error
Consistently 100% through level: 0
Every tested level achieved at least 50% success.

=== serial-level51-120s-offset100.txt ===
Benchmarking levels 51-51, 5 games each (120s timeout, 5 tasks, 1 workers)
Level    Game  Pcs    Board             Nodes         Prep       Search Result
----------------------------------------------------------------------
51       100   16     8x8/M2         80324997       1.489s       4.084s OK
51       101   16     8x8/M2        323493531       1.524s      14.973s OK
51       102   16     8x8/M2          3042284       1.471s    159.000ms OK
51       103   16     8x8/M2          3813456       1.470s    166.000ms OK
51       104   16     8x8/M2        196893073       1.523s      11.968s OK

Level    OK      Rate    Board
-----------------------------------
51        5/5      100%  8x8/M2

5 ok, 0 fail, 0 timeout, 0 error
Consistently 100% through level: 51
Every tested level achieved at least 50% success.
